OpenCV not found. Manipulation detection will be limited.
ImportError while loading conftest '/Users/Arief/Desktop/Simple378/backend/tests/conftest.py'.
tests/conftest.py:19: in <module>
    import app.main
app/main.py:13: in <module>
    from app.api.v1.api import api_router
app/api/v1/api.py:2: in <module>
    from app.api.v1.endpoints import login, mens_rea, adjudication, ingestion, audit, graph, ai, forensics, orchestration, subjects, compliance, dashboard, cases, reconciliation, websocket, users, summary, analysis, search, predictive, tenant, monitoring, events
app/api/v1/endpoints/tenant.py:9: in <module>
    from app.schemas.tenant import TenantCreate, TenantUpdate, TenantResponse, TenantConfigUpdate
E   ModuleNotFoundError: No module named 'app.schemas.tenant'
